[ 2026-09-17 12:03:12,322 ] 26 root - INFO - Data ingestion method Started
[ 2026-09-17 12:03:12,366 ] 29 root - INFO - Dataset read as pandas Dataframe
[ 2026-09-17 12:03:12,478 ] 35 root - INFO - Train Test Split Initiated
[ 2026-09-17 12:03:12,600 ] 41 root - INFO - Ingestion of Data is completed
[ 2026-09-17 12:03:12,628 ] 90 root - INFO - Read train and test data completed
[ 2026-09-17 12:03:12,631 ] 91 root - INFO - Train Dataframe Head : 
   Usage_kWh  Lagging_Current_Reactive.Power_kVarh  Leading_Current_Reactive_Power_kVarh  CO2(tCO2)  Lagging_Current_Power_Factor  Leading_Current_Power_Factor    NSM WeekStatus Day_of_week    Load_Type        Date   Time     Month  hours
0       4.18                                  0.00                                 21.78       0.00                        100.00                         18.85  62100    Weekend    Saturday  Medium_Load  07/04/2018  17:15     April  17.25
1       2.92                                  4.93                                  0.00       0.00                         50.96                        100.00   9900    Weekday   Wednesday   Light_Load  30/05/2018  02:45       May   2.75
2       6.44                                  7.34                                  0.00       0.00                         65.95                        100.00   6300    Weekday      Friday   Light_Load  23/02/2018  01:45  February   1.75
3      56.92                                 22.28                                  0.00       0.03                         93.12                        100.00  48600    Weekday    Thursday  Medium_Load  13/12/2018  13:30  December  13.50
4       3.10                                  3.82                                  0.00       0.00                         63.01                        100.00   9900    Weekend      Sunday   Light_Load  15/04/2018  02:45     April   2.75
[ 2026-09-17 12:03:12,632 ] 92 root - INFO - Test Dataframe Head  : 
   Usage_kWh  Lagging_Current_Reactive.Power_kVarh  Leading_Current_Reactive_Power_kVarh  CO2(tCO2)  Lagging_Current_Power_Factor  Leading_Current_Power_Factor    NSM WeekStatus Day_of_week     Load_Type        Date   Time     Month  hours
0       2.88                                  3.82                                   0.0       0.00                         60.20                        100.00  26100    Weekend      Sunday    Light_Load  29/04/2018  07:15     April   7.25
1      60.77                                 48.02                                   0.0       0.03                         78.46                        100.00  43200    Weekday    Thursday  Maximum_Load  04/10/2018  12:00   October  12.00
2     120.42                                 59.65                                   0.0       0.06                         89.61                        100.00  41400    Weekday      Friday  Maximum_Load  26/01/2018  11:30   January  11.50
3       3.13                                  0.00                                  16.6       0.00                        100.00                         18.53  52200    Weekend    Saturday    Light_Load  02/06/2018  14:30      June  14.50
4      58.86                                 20.99                                   0.0       0.03                         94.19                        100.00  54000    Weekday      Friday   Medium_Load  07/12/2018  15:00  December  15.00
[ 2026-09-17 12:03:12,632 ] 94 root - INFO - Obtaining preprocessing object
[ 2026-09-17 12:03:12,632 ] 65 root - INFO - Numerical Columns       : ['Leading_Current_Reactive_Power_kVarh', 'Lagging_Current_Power_Factor', 'Leading_Current_Power_Factor', 'NSM', 'hours']
[ 2026-09-17 12:03:12,632 ] 66 root - INFO - Ordinal Columns         : ['Load_Type']
[ 2026-09-17 12:03:12,632 ] 67 root - INFO - One-Hot Encoded Columns : ['WeekStatus', 'Day_of_week', 'Month']
[ 2026-09-17 12:03:12,634 ] 107 root - INFO - Applying preprocessing object on training and testing datasets.
[ 2026-09-17 12:03:12,694 ] 121 root - INFO - Preprocessor pickle file saved
[ 2026-09-17 12:03:12,696 ] 38 root - INFO - Splitting Dependent and Independent variables from train and test data
[ 2026-09-17 12:03:13,721 ] 63 root - INFO - Model Report : {'Linear Regression': 0.6459729825875217, 'Lasso': 0.6364433227750219, 'Ridge': 0.6465587194111608, 'K-Neighbors Regressor': 0.7413111134771656, 'Decision Tree': 0.5503189544342257, 'Random Forest Regressor': 0.7644169788557265, 'XGBRegressor': 0.7015586901949222, 'CatBoosting Regressor': 0.8296618472059785, 'GradientBoosting Regressor': 0.8005600079849846, 'AdaBoost Regressor': 0.7883823456714389}
[ 2026-09-17 12:03:13,721 ] 78 root - INFO - Best Model Found , Model Name : CatBoosting Regressor , R2 Score : 0.8296618472059785
[ 2026-09-17 12:03:13,721 ] 79 root - INFO - Hyperparameter tuning started for catboost
[ 2026-09-17 12:03:24,836 ] 103 root - INFO - Hyperparameter tuning complete for Catboost
[ 2026-09-17 12:03:24,837 ] 105 root - INFO - Hyperparameter tuning started for KNN
[ 2026-09-17 12:03:25,208 ] 125 root - INFO - Hyperparameter tuning Complete for KNN
[ 2026-09-17 12:03:25,209 ] 127 root - INFO - Voting Regressor model training started
[ 2026-09-17 12:03:25,517 ] 134 root - INFO - Voting Regressor Training Completed
[ 2026-09-17 12:03:25,522 ] 140 root - INFO - Model pickle file saved
[ 2026-09-17 12:03:25,525 ] 145 root - INFO - Test MAE : 8.921481995131142
[ 2026-09-17 12:03:25,525 ] 146 root - INFO - Test RMSE : 14.369554898187808
[ 2026-09-17 12:03:25,525 ] 147 root - INFO - Test R2 Score : 0.8078356351735487
[ 2026-09-17 12:03:25,525 ] 148 root - INFO - Final Model Training Completed
