[ 2026-09-17 15:55:40,286 ] 97 root - INFO - Read train and test data completed
[ 2026-09-17 15:55:40,289 ] 98 root - INFO - Train Dataframe Head : 
   Usage_kWh  Lagging_Current_Reactive.Power_kVarh  Leading_Current_Reactive_Power_kVarh  CO2(tCO2)  Lagging_Current_Power_Factor  Leading_Current_Power_Factor    NSM WeekStatus Day_of_week     Load_Type        Date   Time     Month  hours
0       2.88                                  3.82                                   0.0       0.00                         60.20                        100.00  26100    Weekend      Sunday    Light_Load  29/04/2018  07:15     April   7.25
1      60.77                                 48.02                                   0.0       0.03                         78.46                        100.00  43200    Weekday    Thursday  Maximum_Load  04/10/2018  12:00   October  12.00
2     120.42                                 59.65                                   0.0       0.06                         89.61                        100.00  41400    Weekday      Friday  Maximum_Load  26/01/2018  11:30   January  11.50
3       3.13                                  0.00                                  16.6       0.00                        100.00                         18.53  52200    Weekend    Saturday    Light_Load  02/06/2018  14:30      June  14.50
4      58.86                                 20.99                                   0.0       0.03                         94.19                        100.00  54000    Weekday      Friday   Medium_Load  07/12/2018  15:00  December  15.00
[ 2026-09-17 15:55:40,291 ] 99 root - INFO - Test Dataframe Head  : 
   Usage_kWh  Lagging_Current_Reactive.Power_kVarh  Leading_Current_Reactive_Power_kVarh  CO2(tCO2)  Lagging_Current_Power_Factor  Leading_Current_Power_Factor    NSM WeekStatus Day_of_week   Load_Type        Date   Time    Month  hours
0       3.78                                  4.72                                  0.00        0.0                         62.51                        100.00   9000    Weekday      Monday  Light_Load  01/01/2018  02:30  January   2.50
1       3.28                                  3.82                                  0.00        0.0                         65.14                        100.00  15300    Weekday      Monday  Light_Load  01/01/2018  04:15  January   4.25
2       3.35                                  3.64                                  0.00        0.0                         67.72                        100.00  22500    Weekday      Monday  Light_Load  01/01/2018  06:15  January   6.25
3       3.24                                  3.35                                  0.00        0.0                         69.52                        100.00  23400    Weekday      Monday  Light_Load  01/01/2018  06:30  January   6.50
4       4.07                                  0.00                                 22.32        0.0                        100.00                         17.94  36900    Weekday      Monday  Light_Load  01/01/2018  10:15  January  10.25
[ 2026-09-17 15:55:40,291 ] 101 root - INFO - Obtaining preprocessing object
[ 2026-09-17 15:55:40,291 ] 72 root - INFO - Numerical Columns : ['Leading_Current_Reactive_Power_kVarh', 'Lagging_Current_Power_Factor', 'Leading_Current_Power_Factor', 'NSM', 'hours']
[ 2026-09-17 15:55:40,291 ] 73 root - INFO - Ordinal Columns   : ['Load_Type']
[ 2026-09-17 15:55:40,291 ] 74 root - INFO - One-Hot Columns   : ['WeekStatus', 'Day_of_week', 'Month']
[ 2026-09-17 15:55:40,293 ] 114 root - INFO - Applying preprocessing object on training and testing datasets.
[ 2026-09-17 15:55:40,362 ] 128 root - INFO - Preprocessor pickle file saved
