[ 2026-09-17 15:26:20,591 ] 26 root - INFO - Data ingestion method Started
[ 2026-09-17 15:26:20,634 ] 29 root - INFO - Dataset read as pandas Dataframe
[ 2026-09-17 15:26:20,746 ] 35 root - INFO - Train Test Split Initiated
[ 2026-09-17 15:26:20,864 ] 41 root - INFO - Ingestion of Data is completed
[ 2026-09-17 15:26:20,892 ] 80 root - INFO - Read train and test data completed
[ 2026-09-17 15:26:20,895 ] 81 root - INFO - Train Dataframe Head : 
   Usage_kWh  Lagging_Current_Reactive.Power_kVarh  Leading_Current_Reactive_Power_kVarh  CO2(tCO2)  Lagging_Current_Power_Factor  Leading_Current_Power_Factor    NSM WeekStatus Day_of_week    Load_Type        Date   Time     Month  hours
0       4.18                                  0.00                                 21.78       0.00                        100.00                         18.85  62100    Weekend    Saturday  Medium_Load  07/04/2018  17:15     April  17.25
1       2.92                                  4.93                                  0.00       0.00                         50.96                        100.00   9900    Weekday   Wednesday   Light_Load  30/05/2018  02:45       May   2.75
2       6.44                                  7.34                                  0.00       0.00                         65.95                        100.00   6300    Weekday      Friday   Light_Load  23/02/2018  01:45  February   1.75
3      56.92                                 22.28                                  0.00       0.03                         93.12                        100.00  48600    Weekday    Thursday  Medium_Load  13/12/2018  13:30  December  13.50
4       3.10                                  3.82                                  0.00       0.00                         63.01                        100.00   9900    Weekend      Sunday   Light_Load  15/04/2018  02:45     April   2.75
[ 2026-09-17 15:26:20,897 ] 82 root - INFO - Test Dataframe Head  : 
   Usage_kWh  Lagging_Current_Reactive.Power_kVarh  Leading_Current_Reactive_Power_kVarh  CO2(tCO2)  Lagging_Current_Power_Factor  Leading_Current_Power_Factor    NSM WeekStatus Day_of_week     Load_Type        Date   Time     Month  hours
0       2.88                                  3.82                                   0.0       0.00                         60.20                        100.00  26100    Weekend      Sunday    Light_Load  29/04/2018  07:15     April   7.25
1      60.77                                 48.02                                   0.0       0.03                         78.46                        100.00  43200    Weekday    Thursday  Maximum_Load  04/10/2018  12:00   October  12.00
2     120.42                                 59.65                                   0.0       0.06                         89.61                        100.00  41400    Weekday      Friday  Maximum_Load  26/01/2018  11:30   January  11.50
3       3.13                                  0.00                                  16.6       0.00                        100.00                         18.53  52200    Weekend    Saturday    Light_Load  02/06/2018  14:30      June  14.50
4      58.86                                 20.99                                   0.0       0.03                         94.19                        100.00  54000    Weekday      Friday   Medium_Load  07/12/2018  15:00  December  15.00
[ 2026-09-17 15:26:20,897 ] 84 root - INFO - Obtaining preprocessing object
[ 2026-09-17 15:26:20,897 ] 57 root - INFO - Categorical Columns : ['Day_of_week', 'Load_Type', 'Month']
[ 2026-09-17 15:26:20,897 ] 58 root - INFO - Numerical Columns   : ['Usage_kWh', 'CO2(tCO2)', 'NSM\t', 'Leading_Current_Reactive_Power_kVarh', 'y', 'z']
[ 2026-09-17 15:26:20,897 ] 120 root - INFO - Exception occured in initiate_data_transformation function
