[ 2026-09-17 16:24:07,457 ] 161 numexpr.utils - INFO - NumExpr defaulting to 8 threads.
[ 2026-09-17 16:24:09,425 ] 26 root - INFO - Data ingestion method Started
[ 2026-09-17 16:24:09,468 ] 29 root - INFO - Dataset read as pandas Dataframe
[ 2026-09-17 16:24:09,614 ] 35 root - INFO - Train Test Split Initiated
[ 2026-09-17 16:24:09,764 ] 41 root - INFO - Ingestion of Data is completed
[ 2026-09-17 16:24:09,792 ] 97 root - INFO - Read train and test data completed
[ 2026-09-17 16:24:09,794 ] 98 root - INFO - Train Dataframe Head : 
   Usage_kWh  Lagging_Current_Reactive.Power_kVarh  Leading_Current_Reactive_Power_kVarh  CO2(tCO2)  Lagging_Current_Power_Factor  Leading_Current_Power_Factor    NSM WeekStatus Day_of_week    Load_Type        Date   Time     Month  hours
0       4.18                                  0.00                                 21.78       0.00                        100.00                         18.85  62100    Weekend    Saturday  Medium_Load  07/04/2018  17:15     April  17.25
1       2.92                                  4.93                                  0.00       0.00                         50.96                        100.00   9900    Weekday   Wednesday   Light_Load  30/05/2018  02:45       May   2.75
2       6.44                                  7.34                                  0.00       0.00                         65.95                        100.00   6300    Weekday      Friday   Light_Load  23/02/2018  01:45  February   1.75
3      56.92                                 22.28                                  0.00       0.03                         93.12                        100.00  48600    Weekday    Thursday  Medium_Load  13/12/2018  13:30  December  13.50
4       3.10                                  3.82                                  0.00       0.00                         63.01                        100.00   9900    Weekend      Sunday   Light_Load  15/04/2018  02:45     April   2.75
[ 2026-09-17 16:24:09,795 ] 99 root - INFO - Test Dataframe Head  : 
   Usage_kWh  Lagging_Current_Reactive.Power_kVarh  Leading_Current_Reactive_Power_kVarh  CO2(tCO2)  Lagging_Current_Power_Factor  Leading_Current_Power_Factor    NSM WeekStatus Day_of_week     Load_Type        Date   Time     Month  hours
0       2.88                                  3.82                                   0.0       0.00                         60.20                        100.00  26100    Weekend      Sunday    Light_Load  29/04/2018  07:15     April   7.25
1      60.77                                 48.02                                   0.0       0.03                         78.46                        100.00  43200    Weekday    Thursday  Maximum_Load  04/10/2018  12:00   October  12.00
2     120.42                                 59.65                                   0.0       0.06                         89.61                        100.00  41400    Weekday      Friday  Maximum_Load  26/01/2018  11:30   January  11.50
3       3.13                                  0.00                                  16.6       0.00                        100.00                         18.53  52200    Weekend    Saturday    Light_Load  02/06/2018  14:30      June  14.50
4      58.86                                 20.99                                   0.0       0.03                         94.19                        100.00  54000    Weekday      Friday   Medium_Load  07/12/2018  15:00  December  15.00
[ 2026-09-17 16:24:09,795 ] 101 root - INFO - Obtaining preprocessing object
[ 2026-09-17 16:24:09,795 ] 72 root - INFO - Numerical Columns : ['Leading_Current_Reactive_Power_kVarh', 'Lagging_Current_Power_Factor', 'Leading_Current_Power_Factor', 'NSM', 'hours']
[ 2026-09-17 16:24:09,795 ] 73 root - INFO - Ordinal Columns   : ['Load_Type']
[ 2026-09-17 16:24:09,795 ] 74 root - INFO - One-Hot Columns   : ['WeekStatus', 'Day_of_week', 'Month']
[ 2026-09-17 16:24:09,797 ] 114 root - INFO - Applying preprocessing object on training and testing datasets.
[ 2026-09-17 16:24:09,844 ] 128 root - INFO - Preprocessor pickle file saved
[ 2026-09-17 16:24:09,846 ] 45 root - INFO - Splitting Dependent and Independent variables from train and test data
[ 2026-09-17 16:24:24,807 ] 70 root - INFO - Model Report : {'Linear Regression': 0.6449267107250504, 'Lasso': 0.6178994278647965, 'Ridge': 0.6449238173779787, 'K-Neighbors Regressor': 0.8412479500364618, 'Decision Tree': 0.7896789806231839, 'Random Forest Regressor': 0.8789238171285654, 'XGBRegressor': 0.8798084388114118, 'CatBoosting Regressor': 0.8855422457761892, 'GradientBoosting Regressor': 0.8538778650771381, 'AdaBoost Regressor': 0.7664727675392135}
[ 2026-09-17 16:24:24,807 ] 85 root - INFO - Best Model Found , Model Name : CatBoosting Regressor , R2 Score : 0.8855422457761892
[ 2026-09-17 16:24:24,808 ] 86 root - INFO - Hyperparameter tuning started for catboost
[ 2026-09-17 16:24:54,071 ] 110 root - INFO - Hyperparameter tuning complete for Catboost
[ 2026-09-17 16:24:54,072 ] 112 root - INFO - Hyperparameter tuning started for KNN
[ 2026-09-17 16:25:06,913 ] 132 root - INFO - Hyperparameter tuning Complete for KNN
[ 2026-09-17 16:25:06,914 ] 134 root - INFO - Voting Regressor model training started
[ 2026-09-17 16:25:09,659 ] 141 root - INFO - Voting Regressor Training Completed
[ 2026-09-17 16:25:09,685 ] 147 root - INFO - Model pickle file saved
[ 2026-09-17 16:25:09,873 ] 152 root - INFO - Test MAE : 5.818084927709108
[ 2026-09-17 16:25:09,873 ] 153 root - INFO - Test RMSE : 11.411326722155202
[ 2026-09-17 16:25:09,873 ] 154 root - INFO - Test R2 Score : 0.8854439881847916
[ 2026-09-17 16:25:09,873 ] 155 root - INFO - Test MAPE : 19.939159500335972
[ 2026-09-17 16:25:09,973 ] 205 root - INFO - Baseline (seasonal-naive) MAPE : 100.05582012849703
[ 2026-09-17 16:25:09,973 ] 206 root - INFO - MAPE improvement over baseline : 80.07196435476813%
[ 2026-09-17 16:25:09,974 ] 175 root - INFO - Metrics report saved to artifacts/metrics_report.json
[ 2026-09-17 16:25:09,974 ] 182 root - INFO - Final Model Training Completed
[ 2026-09-17 16:25:10,038 ] 140 root - INFO - Load-shift simulation (40% of peak load shifted): 12.34% projected cost reduction
[ 2026-09-17 16:25:10,043 ] 140 root - INFO - Load-shift simulation (10% of peak load shifted): 3.08% projected cost reduction
[ 2026-09-17 16:25:10,046 ] 140 root - INFO - Load-shift simulation (20% of peak load shifted): 6.17% projected cost reduction
[ 2026-09-17 16:25:10,050 ] 140 root - INFO - Load-shift simulation (30% of peak load shifted): 9.25% projected cost reduction
[ 2026-09-17 16:25:10,053 ] 140 root - INFO - Load-shift simulation (40% of peak load shifted): 12.34% projected cost reduction
[ 2026-09-17 16:25:10,056 ] 140 root - INFO - Load-shift simulation (50% of peak load shifted): 15.42% projected cost reduction
[ 2026-09-17 16:25:10,058 ] 163 root - INFO - Load-shift report saved to artifacts/load_shift_report.csv
[ 2026-09-17 16:25:10,058 ] 164 root - INFO - Load-shift scenarios saved to artifacts/load_shift_scenarios.csv
